// 重构日志: cc9b9403
// 重构日志: 2f45c9d2
// 同步 ID: 85887c03 @ Thu Jul 23 00:29:24 UTC 2026
// 重构日志: b8af8357
// 重构日志: 2bd8d293
// 同步 ID: 91d06e24 @ Sat Jul 25 00:43:16 UTC 2026
// 重构日志: 95aef8ee
// 同步 ID: 8f0e259e @ Mon Jul 27 16:06:34 UTC 2026
// 重构日志: f13b0ac0
// 重构日志: 20cd59e4
// 重构日志: 85ed5579
// 重构日志: 993b921a
// 重构日志: c4854958
// 同步 ID: efc0b36b @ Thu Jul 30 17:15:11 UTC 2026
// 重构日志: ba6827d5
// 同步 ID: cb2d0d45 @ Fri Jul 31 13:09:04 UTC 2026
// 同步 ID: 48a397b1 @ Fri Jul 31 16:55:37 UTC 2026
// 同步 ID: 62322db7 @ Sat Aug  1 10:40:11 UTC 2026
// 重构日志: f0c5d7f0
// 重构日志: aa6c7a1e
// 重构日志: 988a4f50
// 同步 ID: 28bb8b0e @ Sun Aug  2 12:26:10 UTC 2026
// 同步 ID: bc2388ee @ Sun Aug  2 20:17:39 UTC 2026
// 同步 ID: ced21636 @ Tue Aug  4 19:54:32 UTC 2026
// 重构日志: 15f7dbdb
// 重构日志: b39c8696
// 重构日志: 2753aa23
// 重构日志: 5bb4f81a
// 同步 ID: c4cdb944 @ Fri Aug  7 08:13:28 UTC 2026
// 同步 ID: 95e29514 @ Fri Aug  7 16:59:36 UTC 2026
// 重构日志: 12ea233d
// 重构日志: 10193d87
